
> khmer-dubber@1.0.0 start
> next start -H 127.0.0.1 -p 5000

▲ Next.js 16.3.8
- Local:         http://127.0.0.1:5000
- Network:       http://127.0.0.1:5000
✓ Ready in 183ms
✓ Running next.config.ts took 40ms
TypeError: Invalid state: Controller is already closed
    at ignore-listed frames {
  code: 'ERR_INVALID_STATE'
}
⨯ uncaughtException:  TypeError: Invalid state: Controller is already closed
    at ignore-listed frames {
  code: 'ERR_INVALID_STATE'
}
TypeError: Invalid state: Controller is already closed
    at ignore-listed frames {
  code: 'ERR_INVALID_STATE'
}
⨯ uncaughtException:  TypeError: Invalid state: Controller is already closed
    at ignore-listed frames {
  code: 'ERR_INVALID_STATE'
}
TypeError: Invalid state: Controller is already closed
    at ignore-listed frames {
  code: 'ERR_INVALID_STATE'
}
⨯ uncaughtException:  TypeError: Invalid state: Controller is already closed
    at ignore-listed frames {
  code: 'ERR_INVALID_STATE'
}
TypeError: Invalid state: Controller is already closed
    at ignore-listed frames {
  code: 'ERR_INVALID_STATE'
}
⨯ uncaughtException:  TypeError: Invalid state: Controller is already closed
    at ignore-listed frames {
  code: 'ERR_INVALID_STATE'
}
TypeError: Invalid state: Controller is already closed
    at ignore-listed frames {
  code: 'ERR_INVALID_STATE'
}
⨯ uncaughtException:  TypeError: Invalid state: Controller is already closed
    at ignore-listed frames {
  code: 'ERR_INVALID_STATE'
}
TypeError: Invalid state: Controller is already closed
    at ignore-listed frames {
  code: 'ERR_INVALID_STATE'
}
⨯ uncaughtException:  TypeError: Invalid state: Controller is already closed
    at ignore-listed frames {
  code: 'ERR_INVALID_STATE'
}
TypeError: Invalid state: Controller is already closed
    at ignore-listed frames {
  code: 'ERR_INVALID_STATE'
}
⨯ uncaughtException:  TypeError: Invalid state: Controller is already closed
    at ignore-listed frames {
  code: 'ERR_INVALID_STATE'
}
TypeError: Invalid state: Controller is already closed
    at ignore-listed frames {
  code: 'ERR_INVALID_STATE'
}
⨯ uncaughtException:  TypeError: Invalid state: Controller is already closed
    at ignore-listed frames {
  code: 'ERR_INVALID_STATE'
}
TypeError: Invalid state: Controller is already closed
    at ignore-listed frames {
  code: 'ERR_INVALID_STATE'
}
⨯ uncaughtException:  TypeError: Invalid state: Controller is already closed
    at ignore-listed frames {
  code: 'ERR_INVALID_STATE'
}
TypeError: Invalid state: Controller is already closed
    at ignore-listed frames {
  code: 'ERR_INVALID_STATE'
}
⨯ uncaughtException:  TypeError: Invalid state: Controller is already closed
    at ignore-listed frames {
  code: 'ERR_INVALID_STATE'
}
TypeError: Invalid state: Controller is already closed
    at ignore-listed frames {
  code: 'ERR_INVALID_STATE'
}
⨯ uncaughtException:  TypeError: Invalid state: Controller is already closed
    at ignore-listed frames {
  code: 'ERR_INVALID_STATE'
}
TypeError: Invalid state: Controller is already closed
    at ignore-listed frames {
  code: 'ERR_INVALID_STATE'
}
⨯ uncaughtException:  TypeError: Invalid state: Controller is already closed
    at ignore-listed frames {
  code: 'ERR_INVALID_STATE'
}
TypeError: Invalid state: Controller is already closed
    at ignore-listed frames {
  code: 'ERR_INVALID_STATE'
}
⨯ uncaughtException:  TypeError: Invalid state: Controller is already closed
    at ignore-listed frames {
  code: 'ERR_INVALID_STATE'
}
TypeError: Invalid state: Controller is already closed
    at ignore-listed frames {
  code: 'ERR_INVALID_STATE'
}
⨯ uncaughtException:  TypeError: Invalid state: Controller is already closed
    at ignore-listed frames {
  code: 'ERR_INVALID_STATE'
}
